ilyas@DESKTOP-T9FILTK MINGW64 ~
$ cd Documents

ilyas@DESKTOP-T9FILTK MINGW64 ~/Documents
$ mkdir testSite

ilyas@DESKTOP-T9FILTK MINGW64 ~/Documents
$ cd testSite

ilyas@DESKTOP-T9FILTK MINGW64 ~/Documents/testSite
$ get clone https://github.com/ilyasgdo/ilyasgdo.github.io.git
bash: get: command not found

ilyas@DESKTOP-T9FILTK MINGW64 ~/Documents/testSite
$ git clone https://github.com/ilyasgdo/ilyasgdo.github.io.git
Cloning into 'ilyasgdo.github.io'...
remote: Enumerating objects: 12, done.
remote: Counting objects: 100% (12/12), done.
remote: Compressing objects: 100% (9/9), done.
remote: Total 12 (delta 1), reused 0 (delta 0), pack-reused 0
Receiving objects: 100% (12/12), done.
Resolving deltas: 100% (1/1), done.

ilyas@DESKTOP-T9FILTK MINGW64 ~/Documents/testSite
$ ls
ilyasgdo.github.io/

ilyas@DESKTOP-T9FILTK MINGW64 ~/Documents/testSite
$ cd^C

ilyas@DESKTOP-T9FILTK MINGW64 ~/Documents/testSite
$ cd ililyasgdo.github.io/
bash: $'\302\203cd': command not found

ilyas@DESKTOP-T9FILTK MINGW64 ~/Documents/testSite
$ cd ilyasgdo.github.io/

ilyas@DESKTOP-T9FILTK MINGW64 ~/Documents/testSite/ilyasgdo.github.io (main)
$ ls
CNAME  README.md  index.html

ilyas@DESKTOP-T9FILTK MINGW64 ~/Documents/testSite/ilyasgdo.github.io (main)
$ git status
On branch main
Your branch is up to date with 'origin/main'.

nothing to commit, working tree clean

ilyas@DESKTOP-T9FILTK MINGW64 ~/Documents/testSite/ilyasgdo.github.io (main)
$ git add index.php
fatal: pathspec 'index.php' did not match any files

ilyas@DESKTOP-T9FILTK MINGW64 ~/Documents/testSite/ilyasgdo.github.io (main)
$ ls
CNAME  README.md  index.html

ilyas@DESKTOP-T9FILTK MINGW64 ~/Documents/testSite/ilyasgdo.github.io (main)
$ git add index.php

ilyas@DESKTOP-T9FILTK MINGW64 ~/Documents/testSite/ilyasgdo.github.io (main)
$ git commit -m"ceci est un test de qui et versinnage de site web "
[main e5e1e27] ceci est un test de qui et versinnage de site web
 1 file changed, 39 insertions(+)
 create mode 100644 index.php

ilyas@DESKTOP-T9FILTK MINGW64 ~/Documents/testSite/ilyasgdo.github.io (main)
$ git status
On branch main
Your branch is ahead of 'origin/main' by 1 commit.
  (use "git push" to publish your local commits)

Changes not staged for commit:
  (use "git add/rm <file>..." to update what will be committed)
  (use "git restore <file>..." to discard changes in working directory)
        deleted:    index.html

no changes added to commit (use "git add" and/or "git commit -a")

ilyas@DESKTOP-T9FILTK MINGW64 ~/Documents/testSite/ilyasgdo.github.io (main)
$ git push
Enumerating objects: 4, done.
Counting objects: 100% (4/4), done.
Delta compression using up to 4 threads
Compressing objects: 100% (3/3), done.
Writing objects: 100% (3/3), 647 bytes | 647.00 KiB/s, done.
Total 3 (delta 1), reused 0 (delta 0), pack-reused 0
remote: Resolving deltas: 100% (1/1), completed with 1 local object.
To https://github.com/ilyasgdo/ilyasgdo.github.io.git
   3415c3b..e5e1e27  main -> main

ilyas@DESKTOP-T9FILTK MINGW64 ~/Documents/testSite/ilyasgdo.github.io (main)
$ git push
Everything up-to-date

ilyas@DESKTOP-T9FILTK MINGW64 ~/Documents/testSite/ilyasgdo.github.io (main)
$
